// Jest Snapshot v1, https://goo.gl/fbAQLP

exports[`<PlantsListContainer /> renders correctly 1`] = `
Object {
  "asFragment": [Function],
  "baseElement": <body>
    <div>
      <div
        class="plants-list main"
      >
        <a
          class="plant-short main"
          href="/one-plant"
        >
          <div
            class="plant-short description"
          >
            <div>
              Ivy common
            </div>
            <div>
              Ivy scientific
            </div>
          </div>
          <div
            class="plant-short image-container"
          >
            <img
              alt="plant"
              class="plant-short plant-image"
              src="Ivy.jpg"
            />
          </div>
        </a>
        <a
          class="plant-short main"
          href="/one-plant"
        >
          <div
            class="plant-short description"
          >
            <div>
              Ivy common2
            </div>
            <div>
              Ivy scientific2
            </div>
          </div>
          <div
            class="plant-short image-container"
          >
            <img
              alt="plant"
              class="plant-short plant-image"
              src="Ivy2.jpg"
            />
          </div>
        </a>
      </div>
    </div>
  </body>,
  "container": <div>
    <div
      class="plants-list main"
    >
      <a
        class="plant-short main"
        href="/one-plant"
      >
        <div
          class="plant-short description"
        >
          <div>
            Ivy common
          </div>
          <div>
            Ivy scientific
          </div>
        </div>
        <div
          class="plant-short image-container"
        >
          <img
            alt="plant"
            class="plant-short plant-image"
            src="Ivy.jpg"
          />
        </div>
      </a>
      <a
        class="plant-short main"
        href="/one-plant"
      >
        <div
          class="plant-short description"
        >
          <div>
            Ivy common2
          </div>
          <div>
            Ivy scientific2
          </div>
        </div>
        <div
          class="plant-short image-container"
        >
          <img
            alt="plant"
            class="plant-short plant-image"
            src="Ivy2.jpg"
          />
        </div>
      </a>
    </div>
  </div>,
  "debug": [Function],
  "findAllByAltText": [Function],
  "findAllByDisplayValue": [Function],
  "findAllByLabelText": [Function],
  "findAllByPlaceholderText": [Function],
  "findAllByRole": [Function],
  "findAllByTestId": [Function],
  "findAllByText": [Function],
  "findAllByTitle": [Function],
  "findByAltText": [Function],
  "findByDisplayValue": [Function],
  "findByLabelText": [Function],
  "findByPlaceholderText": [Function],
  "findByRole": [Function],
  "findByTestId": [Function],
  "findByText": [Function],
  "findByTitle": [Function],
  "getAllByAltText": [Function],
  "getAllByDisplayValue": [Function],
  "getAllByLabelText": [Function],
  "getAllByPlaceholderText": [Function],
  "getAllByRole": [Function],
  "getAllByTestId": [Function],
  "getAllByText": [Function],
  "getAllByTitle": [Function],
  "getByAltText": [Function],
  "getByDisplayValue": [Function],
  "getByLabelText": [Function],
  "getByPlaceholderText": [Function],
  "getByRole": [Function],
  "getByTestId": [Function],
  "getByText": [Function],
  "getByTitle": [Function],
  "queryAllByAltText": [Function],
  "queryAllByDisplayValue": [Function],
  "queryAllByLabelText": [Function],
  "queryAllByPlaceholderText": [Function],
  "queryAllByRole": [Function],
  "queryAllByTestId": [Function],
  "queryAllByText": [Function],
  "queryAllByTitle": [Function],
  "queryByAltText": [Function],
  "queryByDisplayValue": [Function],
  "queryByLabelText": [Function],
  "queryByPlaceholderText": [Function],
  "queryByRole": [Function],
  "queryByTestId": [Function],
  "queryByText": [Function],
  "queryByTitle": [Function],
  "rerender": [Function],
  "unmount": [Function],
}
`;
