// Jest Snapshot v1, https://goo.gl/fbAQLP

exports[`<EmptyImage /> renders correctly 1`] = `
<img
  alt="Not provided"
  className="empty-image"
  src="emptyImage.svg"
/>
`;
