// Jest Snapshot v1, https://goo.gl/fbAQLP

exports[`<Error /> renders correctly 1`] = `
<div
  className="error main"
>
  There is an error
  .
   
  Please try again.
</div>
`;
